// Jest Snapshot v1, https://goo.gl/fbAQLP

exports[`rendering it matches snapshot 1`] = `ReactWrapper {}`;
